  -> Creating Low Quality version...
  -> LQ conversion successful.
  -> Extracting preview frame...
  -> Preview extraction successful.
  -> Adding new files to Git...
fatal: pathspec 'C:\SS\trikz\vidLQ\46.mp4' did not match any files
fatal: pathspec 'C:\SS\trikz\previews\46.jpg' did not match any files
  -> Git add successful.
  -> Removing original from 'raw' folder.
  -> Raw file removed.
--- Processing 6.mp4 -> 47.mp4 ---
  -> Copying to High Quality folder...
  -> HQ copy successful.
  -> Creating Low Quality version...
  -> LQ conversion successful.
  -> Extracting preview frame...
  -> Preview extraction successful.
  -> Adding new files to Git...
fatal: pathspec 'C:\SS\trikz\vidLQ\47.mp4' did not match any files
fatal: pathspec 'C:\SS\trikz\previews\47.jpg' did not match any files
  -> Git add successful.
  -> Removing original from 'raw' folder.
  -> Raw file removed.
--- Processing 7.mp4 -> 48.mp4 ---
  -> Copying to High Quality folder...
  -> HQ copy successful.
  -> Creating Low Quality version...
  -> LQ conversion successful.
  -> Extracting preview frame...
  -> Preview extraction successful.
  -> Adding new files to Git...
fatal: pathspec 'C:\SS\trikz\vidLQ\48.mp4' did not match any files
fatal: pathspec 'C:\SS\trikz\previews\48.jpg' did not match any files
  -> Git add successful.
  -> Removing original from 'raw' folder.
  -> Raw file removed.
--- Processing 8.mp4 -> 49.mp4 ---
  -> Copying to High Quality folder...
  -> HQ copy successful.
  -> Creating Low Quality version...
  -> LQ conversion successful.
  -> Extracting preview frame...
  -> Preview extraction successful.
  -> Adding new files to Git...
fatal: pathspec 'C:\SS\trikz\vidLQ\49.mp4' did not match any files
fatal: pathspec 'C:\SS\trikz\previews\49.jpg' did not match any files
  -> Git add successful.
  -> Removing original from 'raw' folder.
  -> Raw file removed.
--- Processing 9.mp4 -> 50.mp4 ---
  -> Copying to High Quality folder...
  -> HQ copy successful.
  -> Creating Low Quality version...
  -> LQ conversion successful.
  -> Extracting preview frame...
  -> Preview extraction successful.
  -> Adding new files to Git...
fatal: pathspec 'C:\SS\trikz\vidLQ\50.mp4' did not match any files
fatal: pathspec 'C:\SS\trikz\previews\50.jpg' did not match any files
  -> Git add successful.
  -> Removing original from 'raw' folder.
  -> Raw file removed.
Committing and pushing changes to GitHub...
error: unknown switch `E'
usage: git commit [-a | --interactive | --patch] [-s] [-v] [-u<mode>] [--amend]
                  [--dry-run] [(-c | -C | --squash) <commit> | --fixup [(amend|reword):]<commit>]
                  [-F <file> | -m <msg>] [--reset-author] [--allow-empty]
                  [--allow-empty-message] [--no-verify] [-e] [--author=<author>]
                  [--date=<date>] [--cleanup=<mode>] [--[no-]status]
                  [-i | -o] [--pathspec-from-file=<file> [--pathspec-file-nul]]
                  [(--trailer <token>[(=|:)<value>])...] [-S[<keyid>]]
                  [--] [<pathspec>...]

    -q, --[no-]quiet      suppress summary after successful commit
    -v, --[no-]verbose    show diff in commit message template

Commit message options
    -F, --[no-]file <file>
                          read message from file
    --[no-]author <author>
                          override author for commit
    --[no-]date <date>    override date for commit
    -m, --[no-]message <message>
                          commit message
    -c, --[no-]reedit-message <commit>
                          reuse and edit message from specified commit
    -C, --[no-]reuse-message <commit>
                          reuse message from specified commit
    --[no-]fixup [(amend|reword):]commit
                          use autosquash formatted message to fixup or amend/reword specified commit
    --[no-]squash <commit>
                          use autosquash formatted message to squash specified commit
    --[no-]reset-author   the commit is authored by me now (used with -C/-c/--amend)
    --trailer <trailer>   add custom trailer(s)
    -s, --[no-]signoff    add a Signed-off-by trailer
    -t, --[no-]template <file>
                          use specified template file
    -e, --[no-]edit       force edit of commit
    --[no-]cleanup <mode> how to strip spaces and #comments from message
    --[no-]status         include status in commit message template
    -S, --[no-]gpg-sign[=<key-id>]
                          GPG sign commit

Commit contents options
    -a, --[no-]all        commit all changed files
    -i, --[no-]include    add specified files to index for commit
    --[no-]interactive    interactively add files
    -p, --[no-]patch      interactively add changes
    -o, --[no-]only       commit only specified files
    -n, --no-verify       bypass pre-commit and commit-msg hooks
    --verify              opposite of --no-verify
    --[no-]dry-run        show what would be committed
    --[no-]short          show status concisely
    --[no-]branch         show branch information
    --[no-]ahead-behind   compute full ahead/behind values
    --[no-]porcelain      machine-readable output
    --[no-]long           show status in long format (default)
    -z, --[no-]null       terminate entries with NUL
    --[no-]amend          amend previous commit
    --no-post-rewrite     bypass post-rewrite hook
    --post-rewrite        opposite of --no-post-rewrite
    -u, --[no-]untracked-files[=<mode>]
                          show untracked files, optional modes: all, normal, no. (Default: all)
    --[no-]pathspec-from-file <file>
                          read pathspec from file
    --[no-]pathspec-file-nul
                          with --pathspec-from-file, pathspec elements are separated with NUL character

error: unknown switch `E'
usage: git push [<options>] [<repository> [<refspec>...]]

    -v, --[no-]verbose    be more verbose
    -q, --[no-]quiet      be more quiet
    --[no-]repo <repository>
                          repository
    --[no-]all            push all branches
    --[no-]branches       alias of --all
    --[no-]mirror         mirror all refs
    -d, --[no-]delete     delete refs
    --[no-]tags           push tags (can't be used with --all or --branches or --mirror)
    -n, --[no-]dry-run    dry run
    --[no-]porcelain      machine-readable output
    -f, --[no-]force      force updates
    --[no-]force-with-lease[=<refname>:<expect>]
                          require old value of ref to be at this value
    --[no-]force-if-includes
                          require remote updates to be integrated locally
    --[no-]recurse-submodules (check|on-demand|no)
                          control recursive pushing of submodules
    --[no-]thin           use thin pack
    --[no-]receive-pack <receive-pack>
                          receive pack program
    --[no-]exec <receive-pack>
                          receive pack program
    -u, --[no-]set-upstream
                          set upstream for git pull/status
    --[no-]progress       force progress reporting
    --[no-]prune          prune locally removed refs
    --no-verify           bypass pre-push hook
    --verify              opposite of --no-verify
    --[no-]follow-tags    push missing but relevant tags
    --[no-]signed[=(yes|no|if-asked)]
                          GPG sign the push
    --[no-]atomic         request atomic transaction on remote side
    -o, --[no-]push-option <server-specific>
                          option to transmit
    -4, --ipv4            use IPv4 addresses only
    -6, --ipv6            use IPv6 addresses only

Done. Videos processed and pushed.
Script finished.
PS C:\SS\trikz>